- Docker Installation guide (42 school)

	- Install brew

$ rm -rf $HOME/.brew && git clone --depth=1 https://github.com/Homebrew/brew $HOME/.brew && echo 'export PATH=$HOME/.brew/bin:$PATH' >> $HOME/.zshrc && source $HOME/.zshrc && brew update

	- Install docker and docker-machine
$ brew install docker docker-machine

	- Check docker version
$ docker --version

	- Install Virtualbox and make docker-machine (Skip this part if you have Virtualbox installed)
$ brew cask install Virtualbox
-> need password
-> possibly need to address System Preference setting
$ docker-machine create --driver Virtualbox default

	- Install docker-machine
$ docker-machine create default

	- Create symbolic link
cd ~ && rm -rf Library/com.docker.docker
mkdir /goinfre/hyshin/docker
ln -s /goinfre/hyshin/docker Library/com.docker.docker

	- For the last process to use docker command on 42 school computers

$ docker-machine env default
$ eval "$(docker-machine env default)"
$ docker run hello-world

	- * If you face problems with starting docker-machine

$ docker-machine restart default
$ eval "$(docker-machine env default)"
$ docker-machine regenerate-certs default
$ eval "$(docker-machine env default)"

$ If you get errors, try to reopen the terminals
$ If Docker machine "default" already exisists, try delete it and create again
docker-machine rm default

Resources:
# https://medium.com/@yutafujii_59175/a-complete-one-by-one-guide-to-install-docker-on-your-mac-os-using-homebrew-e818eb4cfc3
# http://guides.rubyonrails.org/getting_started.html
# https://github.com/amki/docker-teamspeak-client
# https://gitlab.com/gitlab-org/omnibus-gitlab/issues/3133
# https://www.packtpub.com/mapt/book/application_development/9781783986842/2/ch02lvl1sec20/adding-your-ssh-key-to-gitlab
# https://docker-py.readthedocs.io/en/1.8.0/machine/
